[hostelgirl.info/sex2.html]
[backblue.gif]
[fade.gif]
[index.html]
[hostelgirl.info/xxhub/564x/66/33/b0/6633b0f983f094bef115082c63302554.jpg]
[hostelgirl.info/xxhub/ajax/libs/font-awesome/6.0.0-beta3/css/all.min.css]
[maxcdn.bootstrapcdn.com/bootstrap/3.4.1/css/bootstrap.min.css]
[ajax.googleapis.com/ajax/libs/jquery/3.7.1/jquery.min.js]
[maxcdn.bootstrapcdn.com/bootstrap/3.4.1/js/bootstrap.min.js]
[hostelgirl.info/200w.gif]
[hostelgirl.info/xxhub/wp-content/uploads/2025/03/imgonline-com-ua-twotoone-SdAia1ojgn.jpg]
[hostelgirl.info/xxhub/mp3/44/incoming-message-online-whatsapp.mp3]
[hostelgirl.info/xxhub/mp3/48/phone-call-when-no-one-is-there.mp3]
[cdnjs.cloudflare.com/ajax/libs/jquery-cookie/1.4.1/jquery.cookie.min.js]
[hostelgirl.info/push/js/detectIncognito.min.js]
[hostelgirl.info/push/js/sweetalert2.all.min.js]
[hostelgirl.info/push/main3f56.js]
[hostelgirl.info/recharge_me14d4.html]
[hostelgirl.info/sex2.html]
[hostelgirl.info/xxhub/ajax/libs/font-awesome/6.0.0-beta3/webfonts/fa-brands-400.woff2]
[hostelgirl.info/xxhub/ajax/libs/font-awesome/6.0.0-beta3/webfonts/fa-brands-400.ttf]
[hostelgirl.info/xxhub/ajax/libs/font-awesome/6.0.0-beta3/webfonts/fa-regular-400.woff2]
[hostelgirl.info/xxhub/ajax/libs/font-awesome/6.0.0-beta3/webfonts/fa-regular-400.ttf]
[hostelgirl.info/xxhub/ajax/libs/font-awesome/6.0.0-beta3/webfonts/fa-solid-900.woff2]
[hostelgirl.info/xxhub/ajax/libs/font-awesome/6.0.0-beta3/webfonts/fa-solid-900.ttf]
[hostelgirl.info/xxhub/ajax/libs/font-awesome/6.0.0-beta3/webfonts/fa-v4compatibility.woff2]
[hostelgirl.info/xxhub/ajax/libs/font-awesome/6.0.0-beta3/webfonts/fa-v4compatibility.ttf]
[hostelgirl.info/xxhub/ajax/libs/font-awesome/6.0.0-beta3/css/all.min.css]
[maxcdn.bootstrapcdn.com/bootstrap/3.4.1/css/bootstrap.min.css]
[hostelgirl.info/xxhub/512/271/271228.png]
[hostelgirl.info/xxhub/wikipedia/commons/5/5c/Paytm_Logo.png]
[hostelgirl.info/xxhub/wp-content/uploads/2021/10/Google-Pay-logo-symbol-1.png]
[hostelgirl.info/whtsap/js/jquery-3.7.1.min.js]
[hostelgirl.info/whatsapp14d4.html]
[hostelgirl.info/recharge_me14d4.html]
[hostelgirl.info/whtsap/js/jquery-3.7.1.min.html]
[hostelgirl.info/push/css/sweetalert2.min.css]
[hostelgirl.info/assets/whtsap/css/style.css]
[hostelgirl.info/assets/whtsap/css/font-awesome.min.css]
[hostelgirl.info/uploads/priya.jpg]
[hostelgirl.info/assets/whtsap/img/video-call.webp]
[hostelgirl.info/assets/whtsap/img/call.webp]
[hostelgirl.info/assets/whtsap/img/videoblur1.png]
[hostelgirl.info/assets/whtsap/img/video-camera.png]
[hostelgirl.info/uploads/7.gif]
[hostelgirl.info/assets/whtsap/img/play-button.png]
[hostelgirl.info/assets/whtsap/js/jquery-3.7.1.min.js]
[hostelgirl.info/assets/whtsap/js/sweetalert2.js]
[hostelgirl.info/49paye2fa.html]
[hostelgirl.info/whatsapp14d4.html]
[hostelgirl.info/push/css/sweetalert2.min.css]
[hostelgirl.info/assets/whtsap/css/bg-chat.png]
[hostelgirl.info/assets/whtsap/css/style.css]
[hostelgirl.info/assets/whtsap/fonts/fontawesome-webfont-1.eot]
[hostelgirl.info/assets/whtsap/fonts/fontawesome-webfont.eot]
[hostelgirl.info/assets/whtsap/fonts/fontawesome-webfont.woff2]
[hostelgirl.info/assets/whtsap/fonts/fontawesome-webfont.woff]
[hostelgirl.info/assets/whtsap/fonts/fontawesome-webfont.ttf]
[hostelgirl.info/assets/whtsap/css/font-awesome.min.css]
[hostelgirl.info/assets/whtsap/fonts/fontawesome-webfont.svg]
[hostelgirl.info/assets/css/bootstrap.min.css]
[hostelgirl.info/uploads/2.gif]
[hostelgirl.info/49paye2fa.html]
[hostelgirl.info/assets/whtsap/fonts/fontawesome-webfont.svg]
[hostelgirl.info/assets/css/bootstrap.min.css]
[hostelgirl.info/assets/js/bootstrap.bundle.min.js]
[hostelgirl.info/index.html]
[hostelgirl.info/index.html]
