[gayatri.services/gmeet/girls.html]
[backblue.gif]
[fade.gif]
[index.html]
[gayatri.services/gmeet/assets/images/favicon.png]
[gayatri.services/gmeet/assets/vendor/bootstrap-select/dist/css/bootstrap-select.min.css]
[gayatri.services/gmeet/assets/vendor/bootstrap-touchspin/dist/jquery.bootstrap-touchspin.min.css]
[gayatri.services/gmeet/assets/vendor/swiper/swiper-bundle.min.css]
[gayatri.services/gmeet/assets/css/style.css]
[gayatri.services/gmeet/loaderae24.css]
[gayatri.services/gmeet/200w.gif]
[samedate.online/uploads/whatsapp.gif]
[samedate.online/uploads/callnow.gif]
[gayatri.services/gmeet/assets/images/tinder.png]
[gayatri.services/gmeet/sexy_girls.html]
[gayatri.services/gmeet/profile/1.html]
[gayatri.services/gmeet/assets/images/profile/pic1.webp]
[gayatri.services/gmeet/profile/2.html]
[gayatri.services/gmeet/assets/images/profile/pic2.webp]
[gayatri.services/gmeet/profile/3.html]
[gayatri.services/gmeet/assets/images/profile/pic3.webp]
[gayatri.services/gmeet/profile/4.html]
[gayatri.services/gmeet/assets/images/profile/pic4.webp]
[gayatri.services/gmeet/profile/5.html]
[gayatri.services/gmeet/assets/images/profile/pic5.webp]
[gayatri.services/gmeet/profile/6.html]
[gayatri.services/gmeet/assets/images/profile/pic6.webp]
[gayatri.services/gmeet/profile/7.html]
[gayatri.services/gmeet/assets/images/profile/pic7.webp]
[gayatri.services/gmeet/profile/8.html]
[gayatri.services/gmeet/assets/images/profile/pic8.webp]
[gayatri.services/gmeet/profile/9.html]
[gayatri.services/gmeet/assets/images/profile/pic9.webp]
[gayatri.services/gmeet/profile/10.html]
[gayatri.services/gmeet/assets/images/profile/pic10.webp]
[gayatri.services/gmeet/profile/11.html]
[gayatri.services/gmeet/assets/images/profile/pic11.webp]
[gayatri.services/gmeet/profile/12.html]
[gayatri.services/gmeet/assets/images/profile/pic12.webp]
[gayatri.services/gmeet/profile/13.html]
[gayatri.services/gmeet/assets/images/profile/pic13.webp]
[gayatri.services/gmeet/profile/14.html]
[gayatri.services/gmeet/assets/images/profile/pic14.webp]
[gayatri.services/gmeet/profile/15.html]
[gayatri.services/gmeet/assets/images/profile/pic15.webp]
[gayatri.services/gmeet/assets/js/jquery.js]
[gayatri.services/gmeet/assets/vendor/bootstrap/js/bootstrap.bundle.min.js]
[gayatri.services/gmeet/assets/vendor/swiper/swiper-bundle.min.js]
[gayatri.services/gmeet/assets/js/settings.js]
[gayatri.services/gmeet/assets/js/dz.carousel.js]
[gayatri.services/gmeet/girls.html]
[gayatri.services/gmeet/assets/vendor/bootstrap-select/dist/css/bootstrap-select.min.css]
[gayatri.services/gmeet/assets/vendor/bootstrap-touchspin/dist/jquery.bootstrap-touchspin.min.css]
[gayatri.services/gmeet/assets/vendor/swiper/swiper-bundle.min.css]
[gayatri.services/gmeet/assets/js/custom.js]
[gayatri.services/gmeet/assets/icons/fontawesome/css/all.min.css]
[gayatri.services/gmeet/assets/icons/feather/css/iconfont.css]
[gayatri.services/gmeet/assets/icons/flaticon/font/flaticon.css]
[gayatri.services/gmeet/assets/icons/flaticon1/font/flaticon_flaticon1.css]
[gayatri.services/gmeet/assets/icons/themify-icons/css/themify-icons.css]
[gayatri.services/gmeet/assets/images/pattern1.png]
[gayatri.services/gmeet/assets/images/bg-shape-dark.png]
[gayatri.services/gmeet/assets/images/down-white.svg]
[gayatri.services/gmeet/assets/images/welcome/media/demo/vector.png]
[gayatri.services/gmeet/assets/css/style.css]
[gayatri.services/gmeet/loaderae24.css]
[gayatri.services/gmeet/sexy_girls.html]
[gayatri.services/gmeet/assets/vendor/nouislider/nouislider.min.css]
[samedate.online/whtsap/css/sweetalert2.min.css]
[samedate.online/gmeet/200w.gif]
[gayatri.services/gmeet/assets/vendor/wnumb/wNumb.js]
[gayatri.services/gmeet/assets/vendor/nouislider/nouislider.min.js]
[samedate.online/whtsap/js/sweetalert2.js]
[gayatri.services/gmeet/profile/1.html]
[gayatri.services/gmeet/profile/2.html]
[gayatri.services/gmeet/profile/3.html]
[gayatri.services/gmeet/profile/4.html]
[gayatri.services/gmeet/profile/5.html]
[gayatri.services/gmeet/profile/6.html]
[gayatri.services/gmeet/profile/7.html]
[gayatri.services/gmeet/profile/8.html]
[gayatri.services/gmeet/profile/9.html]
[gayatri.services/gmeet/profile/10.html]
[gayatri.services/gmeet/profile/11.html]
[gayatri.services/gmeet/profile/12.html]
[gayatri.services/gmeet/profile/13.html]
[gayatri.services/gmeet/profile/14.html]
[gayatri.services/gmeet/profile/15.html]
[gayatri.services/gmeet/profile/16.html]
[gayatri.services/gmeet/assets/icons/fontawesome/webfonts/fa-brands-400.woff2]
[gayatri.services/gmeet/assets/icons/fontawesome/webfonts/fa-brands-400.ttf]
[gayatri.services/gmeet/assets/icons/fontawesome/webfonts/fa-regular-400.woff2]
[gayatri.services/gmeet/assets/icons/fontawesome/webfonts/fa-regular-400.ttf]
[gayatri.services/gmeet/assets/icons/fontawesome/webfonts/fa-solid-900.woff2]
[gayatri.services/gmeet/assets/icons/fontawesome/webfonts/fa-solid-900.ttf]
[gayatri.services/gmeet/assets/icons/fontawesome/webfonts/fa-v4compatibility.woff2]
[gayatri.services/gmeet/assets/icons/fontawesome/webfonts/fa-v4compatibility.ttf]
[gayatri.services/gmeet/assets/icons/fontawesome/css/all.min.css]
[gayatri.services/gmeet/assets/icons/feather/fonts/feathere8ab.eot]
[gayatri.services/gmeet/assets/icons/feather/fonts/feathere8ab.woff]
[gayatri.services/gmeet/assets/icons/feather/fonts/feathere8ab.ttf]
[gayatri.services/gmeet/assets/icons/feather/fonts/feathere8ab.svg]
[gayatri.services/gmeet/assets/icons/feather/css/iconfont.css]
[gayatri.services/gmeet/assets/icons/flaticon/font/flaticon_mycollection610e.ttf]
[gayatri.services/gmeet/assets/icons/flaticon/font/flaticon_mycollection610e.woff]
[gayatri.services/gmeet/assets/icons/flaticon/font/flaticon_mycollection610e.woff2]
[gayatri.services/gmeet/assets/icons/flaticon/font/flaticon_mycollection610e.eot]
[gayatri.services/gmeet/assets/icons/flaticon/font/flaticon_mycollection610e.svg]
[gayatri.services/gmeet/assets/icons/flaticon/font/flaticon.css]
[gayatri.services/gmeet/assets/icons/flaticon1/font/flaticon_flaticon1f9ee.ttf]
[gayatri.services/gmeet/assets/icons/flaticon1/font/flaticon_flaticon1f9ee.woff]
[gayatri.services/gmeet/assets/icons/flaticon1/font/flaticon_flaticon1f9ee.woff2]
[gayatri.services/gmeet/assets/icons/flaticon1/font/flaticon_flaticon1f9ee.eot]
[gayatri.services/gmeet/assets/icons/flaticon1/font/flaticon_flaticon1f9ee.svg]
[gayatri.services/gmeet/assets/icons/flaticon1/font/flaticon_flaticon1.css]
[gayatri.services/gmeet/assets/icons/themify-icons/fonts/themify9f249f24.eot]
[gayatri.services/gmeet/assets/icons/themify-icons/fonts/themifyd41dd41d.eot]
[gayatri.services/gmeet/assets/icons/themify-icons/fonts/themify.woff]
[gayatri.services/gmeet/assets/icons/themify-icons/fonts/themify.ttf]
[gayatri.services/gmeet/assets/icons/themify-icons/fonts/themify9f249f24.svg]
[gayatri.services/gmeet/assets/icons/themify-icons/css/themify-icons.css]
[gayatri.services/gmeet/assets/images/pattern1.html]
[gayatri.services/gmeet/assets/images/bg-shape-dark.html]
[gayatri.services/gmeet/assets/images/down-white.html]
[s3-us-west-2.amazonaws.com/s.cdpn.io/142996/profile/profile-512_5.jpg]
[gayatri.services/gmeet/assets/images/welcome/media/demo/vector.html]
[gayatri.services/gmeet/assets/vendor/nouislider/nouislider.min.css]
[samedate.online/whtsap/css/sweetalert2.min.html]
[samedate.online/gmeet/200w.html]
[samedate.online/whtsap/js/sweetalert2.html]
[gayatri.services/gmeet/assets/images/profile/pic16.webp]
[gayatri.services/gmeet/profile/16.html]
[gayatri.services/gmeet/assets/icons/fontawesome/webfonts/fa-brands-400.html]
[gayatri.services/gmeet/assets/icons/fontawesome/webfonts/fa-brands-401.html]
[gayatri.services/gmeet/assets/icons/fontawesome/webfonts/fa-regular-400.html]
[gayatri.services/gmeet/assets/icons/fontawesome/webfonts/fa-regular-401.html]
[gayatri.services/gmeet/assets/icons/fontawesome/webfonts/fa-v4compatibility.html]
[gayatri.services/gmeet/assets/icons/fontawesome/webfonts/fa-v4compatibility-2.html]
[gayatri.services/gmeet/assets/icons/feather/fonts/feathere8ab.html]
[gayatri.services/gmeet/assets/icons/feather/fonts/feathere8ab-2.html]
[gayatri.services/gmeet/assets/icons/flaticon/font/flaticon_mycollection610e.html]
[gayatri.services/gmeet/assets/icons/flaticon/font/flaticon_mycollection610e-2.html]
[gayatri.services/gmeet/assets/icons/flaticon1/font/flaticon_flaticon1f9ee.html]
[gayatri.services/gmeet/assets/icons/flaticon1/font/flaticon_flaticon1f9ee-2.html]
[gayatri.services/gmeet/assets/icons/flaticon1/font/flaticon_flaticon1f9ee-3.html]
[gayatri.services/gmeet/assets/icons/flaticon1/font/flaticon_flaticon1f9ee-4.html]
[gayatri.services/gmeet/assets/icons/flaticon1/font/flaticon_flaticon1f9ee-5.html]
[gayatri.services/gmeet/assets/icons/themify-icons/fonts/themify9f249f24.html]
[gayatri.services/gmeet/assets/icons/themify-icons/fonts/themifyd41dd41d.html]
[gayatri.services/gmeet/assets/icons/themify-icons/fonts/themify.html]
[gayatri.services/gmeet/assets/icons/themify-icons/fonts/themify-2.html]
[gayatri.services/gmeet/assets/icons/themify-icons/fonts/themify9f249f24-2.html]
[gayatri.services/gmeet/profile/17.html]
[gayatri.services/gmeet/assets/images/profile/pic17.webp]
[gayatri.services/gmeet/profile/17.html]
[gayatri.services/gmeet/profile/18.html]
[gayatri.services/gmeet/assets/images/profile/pic18.webp]
[gayatri.services/gmeet/profile/18.html]
[gayatri.services/gmeet/profile/19.html]
[gayatri.services/gmeet/assets/images/profile/pic19.webp]
[gayatri.services/gmeet/profile/19.html]
[gayatri.services/gmeet/profile/20.html]
[gayatri.services/gmeet/assets/images/profile/pic20.webp]
[gayatri.services/gmeet/profile/20.html]
